209_OlympicsHiddenCosts/data/newham_ukhpi.csv
"Name","URI","Region GSS code","Period","Sales volume","Reporting period","Average price All property types","Average price Detached houses","Average price Semi-detached houses","Average price Terraced houses","Average price Flats and maisonettes","Pivotable date"
Newham,http://landregistry.data.gov.uk/id/region/newham,E09000025,2011-03,147,monthly,211034,344787,235620,219045,192499,2011-03-01
Newham,http://landregistry.data.gov.uk/id/region/newham,E09000025,2011-04,114,monthly,209677,342961,234036,217553,191369,2011-04-01
Newham,http://landregistry.data.gov.uk/id/region/newham,E09000025,2011-05,125,monthly,213256,346717,237404,220957,195092,2011-05-01
Newham,http://landregistry.data.gov.uk/id/region/newham,E09000025,2011-06,124,monthly,216229,348453,241165,223951,197913,2011-06-01
Newham,http://landregistry.data.gov.uk/id/region/newham,E09000025,2011-07,145,monthly,217052,348031,241710,224452,199157,2011-07-01
Newham,http://landregistry.data.gov.uk/id/region/newham,E09000025,2011-08,138,monthly,218259,351968,244150,226576,199058,2011-08-01
Newham,http://landregistry.data.gov.uk/id/region/newham,E09000025,2011-09,142,monthly,221530,359135,248265,230645,201142,2011-09-01
Newham,http://landregistry.data.gov.uk/id/region/newham,E09000025,2011-10,127,monthly,221927,362762,249968,231520,200807,2011-10-01
Newham,http://landregistry.data.gov.uk/id/region/newham,E09000025,2011-11,143,monthly,222021,361591,250252,231042,201621,2011-11-01
Newham,http://landregistry.data.gov.uk/id/region/newham,E09000025,2011-12,186,monthly,219920,358363,248195,228378,200294,2011-12-01
Newham,http://landregistry.data.gov.uk/id/region/newham,E09000025,2012-01,175,monthly,223083,363007,252224,231776,203006,2012-01-01
Newham,http://landregistry.data.gov.uk/id/region/newham,E09000025,2012-02,124,monthly,219884,359924,249516,229743,198663,2012-02-01
Newham,http://landregistry.data.gov.uk/id/region/newham,E09000025,2012-03,215,monthly,221190,361575,251213,231755,199129,2012-03-01
Newham,http://landregistry.data.gov.uk/id/region/newham,E09000025,2012-04,82,monthly,218629,356857,247491,228903,197028,2012-04-01
Newham,http://landregistry.data.gov.uk/id/region/newham,E09000025,2012-05,105,monthly,222850,362887,251310,232486,201672,2012-05-01
Newham,http://landregistry.data.gov.uk/id/region/newham,E09000025,2012-06,112,monthly,221945,360383,249505,231723,200725,2012-06-01
Newham,http://landregistry.data.gov.uk/id/region/newham,E09000025,2012-07,131,monthly,226166,367251,254821,237198,203503,2012-07-01
Newham,http://landregistry.data.gov.uk/id/region/newham,E09000025,2012-08,103,monthly,224613,365298,253745,236540,201158,2012-08-01
Newham,http://landregistry.data.gov.uk/id/region/newham,E09000025,2012-09,156,monthly,223795,365617,253751,235941,200125,2012-09-01
Newham,http://landregistry.data.gov.uk/id/region/newham,E09000025,2012-10,178,monthly,221145,361240,250789,232723,198152,2012-10-01
Newham,http://landregistry.data.gov.uk/id/region/newham,E09000025,2012-11,152,monthly,220952,360561,250162,232020,198468,2012-11-01
Newham,http://landregistry.data.gov.uk/id/region/newham,E09000025,2012-12,170,monthly,224119,366614,253321,235034,201620,2012-12-01
Newham,http://landregistry.data.gov.uk/id/region/newham,E09000025,2013-01,136,monthly,225971,370432,256394,237329,202903,2013-01-01
Newham,http://landregistry.data.gov.uk/id/region/newham,E09000025,2013-02,192,monthly,227412,372784,258282,239222,203834,2013-02-01
Newham,http://landregistry.data.gov.uk/id/region/newham,E09000025,2013-03,173,monthly,228545,374938,259757,240298,204928,2013-03-01
Newham,http://landregistry.data.gov.uk/id/region/newham,E09000025,2013-04,139,monthly,230074,377579,260645,241517,206684,2013-04-01
Newham,http://landregistry.data.gov.uk/id/region/newham,E09000025,2013-05,172,monthly,231623,379567,262213,242713,208472,2013-05-01
Newham,http://landregistry.data.gov.uk/id/region/newham,E09000025,2013-06,188,monthly,234837,382701,265914,246717,210812,2013-06-01
Newham,http://landregistry.data.gov.uk/id/region/newham,E09000025,2013-07,216,monthly,234180,380434,264782,246387,209928,2013-07-01
Newham,http://landregistry.data.gov.uk/id/region/newham,E09000025,2013-08,194,monthly,234894,381950,265896,247669,210080,2013-08-01
Newham,http://landregistry.data.gov.uk/id/region/newham,E09000025,2013-09,239,monthly,234056,382620,265027,246576,209497,2013-09-01
Newham,http://landregistry.data.gov.uk/id/region/newham,E09000025,2013-10,205,monthly,233577,383566,264944,245961,209131,2013-10-01
Newham,http://landregistry.data.gov.uk/id/region/newham,E09000025,2013-11,266,monthly,238225,392928,270329,250406,213674,2013-11-01
Newham,http://landregistry.data.gov.uk/id/region/newham,E09000025,2013-12,266,monthly,239851,394768,272375,252032,215202,2013-12-01
Newham,http://landregistry.data.gov.uk/id/region/newham,E09000025,2014-01,237,monthly,244838,404307,278434,257423,219514,2014-01-01
Newham,http://landregistry.data.gov.uk/id/region/newham,E09000025,2014-02,218,monthly,244665,406061,278896,257780,218878,2014-02-01
Newham,http://landregistry.data.gov.uk/id/region/newham,E09000025,2014-03,264,monthly,245062,408515,279906,258257,219144,2014-03-01
Newham,http://landregistry.data.gov.uk/id/region/newham,E09000025,2014-04,211,monthly,253363,420692,289479,267438,226243,2014-04-01
Newham,http://landregistry.data.gov.uk/id/region/newham,E09000025,2014-05,241,monthly,260239,429647,296661,274620,232478,2014-05-01
Newham,http://landregistry.data.gov.uk/id/region/newham,E09000025,2014-06,319,monthly,269541,445023,307328,284776,240525,2014-06-01
Newham,http://landregistry.data.gov.uk/id/region/newham,E09000025,2014-07,250,monthly,275355,455263,314260,291299,245412,2014-07-01
Newham,http://landregistry.data.gov.uk/id/region/newham,E09000025,2014-08,287,monthly,282647,468917,323437,299830,251253,2014-08-01
Newham,http://landregistry.data.gov.uk/id/region/newham,E09000025,2014-09,263,monthly,288676,479048,330432,306697,256252,2014-09-01
Newham,http://landregistry.data.gov.uk/id/region/newham,E09000025,2014-10,283,monthly,290951,484529,333334,308661,258596,2014-10-01
Newham,http://landregistry.data.gov.uk/id/region/newham,E09000025,2014-11,227,monthly,291618,487194,334210,308855,259564,2014-11-01
Newham,http://landregistry.data.gov.uk/id/region/newham,E09000025,2014-12,245,monthly,291735,488167,334398,308463,260052,2014-12-01
Newham,http://landregistry.data.gov.uk/id/region/newham,E09000025,2015-01,198,monthly,290599,484942,333341,307160,259118,2015-01-01
Newham,http://landregistry.data.gov.uk/id/region/newham,E09000025,2015-02,211,monthly,292415,483869,334526,308118,261475,2015-02-01
Newham,http://landregistry.data.gov.uk/id/region/newham,E09000025,2015-03,217,monthly,295416,487709,337885,310545,264686,2015-03-01
Newham,http://landregistry.data.gov.uk/id/region/newham,E09000025,2015-04,185,monthly,300428,497622,343339,316066,269002,2015-04-01
Newham,http://landregistry.data.gov.uk/id/region/newham,E09000025,2015-05,228,monthly,304660,506748,348894,320967,272444,2015-05-01
Newham,http://landregistry.data.gov.uk/id/region/newham,E09000025,2015-06,374,monthly,306401,512356,352114,324546,272739,2015-06-01
Newham,http://landregistry.data.gov.uk/id/region/newham,E09000025,2015-07,268,monthly,310786,518003,357330,329305,276564,2015-07-01
Newham,http://landregistry.data.gov.uk/id/region/newham,E09000025,2015-08,240,monthly,315018,526023,362704,334820,279594,2015-08-01
Newham,http://landregistry.data.gov.uk/id/region/newham,E09000025,2015-09,283,monthly,322373,538826,370409,342138,286485,2015-09-01
Newham,http://landregistry.data.gov.uk/id/region/newham,E09000025,2015-10,307,monthly,327056,550224,375853,347446,290395,2015-10-01
Newham,http://landregistry.data.gov.uk/id/region/newham,E09000025,2015-11,273,monthly,331784,559160,381356,352319,294691,2015-11-01
Newham,http://landregistry.data.gov.uk/id/region/newham,E09000025,2015-12,298,monthly,333814,562679,384107,354434,296509,2015-12-01
Newham,http://landregistry.data.gov.uk/id/region/newham,E09000025,2016-01,252,monthly,340602,572447,393177,361435,302651,2016-01-01
Newham,http://landregistry.data.gov.uk/id/region/newham,E09000025,2016-02,238,monthly,344383,579963,398822,365717,305783,2016-02-01
Newham,http://landregistry.data.gov.uk/id/region/newham,E09000025,2016-03,479,monthly,351211,591932,407017,372965,311838,2016-03-01
Newham,http://landregistry.data.gov.uk/id/region/newham,E09000025,2016-04,132,monthly,352760,596025,407773,374488,313321,2016-04-01
Newham,http://landregistry.data.gov.uk/id/region/newham,E09000025,2016-05,141,monthly,359225,602324,412139,379999,320116,2016-05-01
Newham,http://landregistry.data.gov.uk/id/region/newham,E09000025,2016-06,148,monthly,367117,615541,420287,388154,327309,2016-06-01
Newham,http://landregistry.data.gov.uk/id/region/newham,E09000025,2016-07,219,monthly,371916,621177,425822,393479,331422,2016-07-01
Newham,http://landregistry.data.gov.uk/id/region/newham,E09000025,2016-08,218,monthly,375521,630196,430497,397574,334408,2016-08-01
Newham,http://landregistry.data.gov.uk/id/region/newham,E09000025,2016-09,142,monthly,378600,635084,434644,400431,337414,2016-09-01
Newham,http://landregistry.data.gov.uk/id/region/newham,E09000025,2016-10,373,monthly,375384,631092,430276,395399,335702,2016-10-01
Newham,http://landregistry.data.gov.uk/id/region/newham,E09000025,2016-11,309,monthly,376807,635866,432167,395646,337840,2016-11-01
Newham,http://landregistry.data.gov.uk/id/region/newham,E09000025,2016-12,305,monthly,369117,624344,422533,386470,331738,2016-12-01
Newham,http://landregistry.data.gov.uk/id/region/newham,E09000025,2017-01,214,monthly,371224,629408,424626,388268,333924,2017-01-01
Newham,http://landregistry.data.gov.uk/id/region/newham,E09000025,2017-02,280,monthly,375421,635002,427887,391664,338495,2017-02-01
Newham,http://landregistry.data.gov.uk/id/region/newham,E09000025,2017-03,388,monthly,380885,644020,433461,396177,344313,2017-03-01
Newham,http://landregistry.data.gov.uk/id/region/newham,E09000025,2017-04,358,monthly,381611,643651,433206,396374,345432,2017-04-01
Newham,http://landregistry.data.gov.uk/id/region/newham,E09000025,2017-05,359,monthly,382252,643059,434374,396574,346353,2017-05-01
Newham,http://landregistry.data.gov.uk/id/region/newham,E09000025,2017-06,456,monthly,378474,632539,429067,392823,342864,2017-06-01
Newham,http://landregistry.data.gov.uk/id/region/newham,E09000025,2017-07,369,monthly,380112,634712,431687,394663,344220,2017-07-01
Newham,http://landregistry.data.gov.uk/id/region/newham,E09000025,2017-08,290,monthly,377328,628688,428379,392976,340816,2017-08-01
Newham,http://landregistry.data.gov.uk/id/region/newham,E09000025,2017-09,219,monthly,385779,644804,438823,402265,348045,2017-09-01
Newham,http://landregistry.data.gov.uk/id/region/newham,E09000025,2017-10,243,monthly,384583,645236,438819,401519,346533,2017-10-01
Newham,http://landregistry.data.gov.uk/id/region/newham,E09000025,2017-11,260,monthly,377601,636386,432123,394415,340043,2017-11-01
Newham,http://landregistry.data.gov.uk/id/region/newham,E09000025,2017-12,285,monthly,365092,616865,418513,382093,328198,2017-12-01
Newham,http://landregistry.data.gov.uk/id/region/newham,E09000025,2018-01,266,monthly,359210,606009,411495,375648,323139,2018-01-01
Newham,http://landregistry.data.gov.uk/id/region/newham,E09000025,2018-02,390,monthly,363199,613200,414913,379038,327068,2018-02-01
Newham,http://landregistry.data.gov.uk/id/region/newham,E09000025,2018-03,248,monthly,368814,624747,422598,385318,332341,2018-03-01
Newham,http://landregistry.data.gov.uk/id/region/newham,E09000025,2018-04,265,monthly,376783,641477,433319,395985,338852,2018-04-01
Newham,http://landregistry.data.gov.uk/id/region/newham,E09000025,2018-05,261,monthly,379372,651482,441245,402830,339977,2018-05-01
Newham,http://landregistry.data.gov.uk/id/region/newham,E09000025,2018-06,274,monthly,383140,660019,447384,407920,343029,2018-06-01
Newham,http://landregistry.data.gov.uk/id/region/newham,E09000025,2018-07,189,monthly,384853,665359,450809,410917,344223,2018-07-01
Newham,http://landregistry.data.gov.uk/id/region/newham,E09000025,2018-08,218,monthly,382334,658251,446375,407437,342208,2018-08-01
Newham,http://landregistry.data.gov.uk/id/region/newham,E09000025,2018-09,271,monthly,382704,659258,447496,408265,342412,2018-09-01
Newham,http://landregistry.data.gov.uk/id/region/newham,E09000025,2018-10,244,monthly,378228,650230,441180,401979,338832,2018-10-01
Newham,http://landregistry.data.gov.uk/id/region/newham,E09000025,2018-11,282,monthly,373651,649831,439173,399236,334105,2018-11-01
Newham,http://landregistry.data.gov.uk/id/region/newham,E09000025,2018-12,267,monthly,371017,647337,436228,396831,331633,2018-12-01
Newham,http://landregistry.data.gov.uk/id/region/newham,E09000025,2019-01,184,monthly,374078,655496,441376,400904,334125,2019-01-01
Newham,http://landregistry.data.gov.uk/id/region/newham,E09000025,2019-02,150,monthly,379724,659759,445437,403829,340236,2019-02-01
Newham,http://landregistry.data.gov.uk/id/region/newham,E09000025,2019-03,146,monthly,383273,664879,450844,407833,343231,2019-03-01
Newham,http://landregistry.data.gov.uk/id/region/newham,E09000025,2019-04,151,monthly,383253,664757,450699,408323,342992,2019-04-01
Newham,http://landregistry.data.gov.uk/id/region/newham,E09000025,2019-05,181,monthly,384801,668617,453823,412204,343358,2019-05-01
Newham,http://landregistry.data.gov.uk/id/region/newham,E09000025,2019-06,217,monthly,375665,653472,443844,403650,334648,2019-06-01
Newham,http://landregistry.data.gov.uk/id/region/newham,E09000025,2019-07,222,monthly,375727,650975,442982,403220,334952,2019-07-01
Newham,http://landregistry.data.gov.uk/id/region/newham,E09000025,2019-08,175,monthly,378516,654850,448574,408352,336465,2019-08-01
Newham,http://landregistry.data.gov.uk/id/region/newham,E09000025,2019-09,178,monthly,385517,663727,454269,415046,343131,2019-09-01
Newham,http://landregistry.data.gov.uk/id/region/newham,E09000025,2019-10,181,monthly,385734,665172,457515,416656,342648,2019-10-01
Newham,http://landregistry.data.gov.uk/id/region/newham,E09000025,2019-11,195,monthly,379666,658908,451254,409954,337288,2019-11-01
Newham,http://landregistry.data.gov.uk/id/region/newham,E09000025,2019-12,146,monthly,377286,662172,452619,409813,334010,2019-12-01
Newham,http://landregistry.data.gov.uk/id/region/newham,E09000025,2020-01,130,monthly,382047,672283,457555,414649,338384,2020-01-01
Newham,http://landregistry.data.gov.uk/id/region/newham,E09000025,2020-02,115,monthly,387885,686310,466407,422184,342882,2020-02-01
Newham,http://landregistry.data.gov.uk/id/region/newham,E09000025,2020-03,135,monthly,386671,682185,464764,420237,342029,2020-03-01
Newham,http://landregistry.data.gov.uk/id/region/newham,E09000025,2020-04,63,monthly,383751,676717,462367,418100,338938,2020-04-01
Newham,http://landregistry.data.gov.uk/id/region/newham,E09000025,2020-05,75,monthly,390966,686862,466869,422175,347166,2020-05-01
Newham,http://landregistry.data.gov.uk/id/region/newham,E09000025,2020-06,102,monthly,397332,699491,475428,430016,352347,2020-06-01
Newham,http://landregistry.data.gov.uk/id/region/newham,E09000025,2020-07,168,monthly,397626,699753,476547,431239,352172,2020-07-01
Newham,http://landregistry.data.gov.uk/id/region/newham,E09000025,2020-08,180,monthly,390322,687764,471584,427442,343711,2020-08-01
Newham,http://landregistry.data.gov.uk/id/region/newham,E09000025,2020-09,199,monthly,386132,680309,466902,424047,339471,2020-09-01
Newham,http://landregistry.data.gov.uk/id/region/newham,E09000025,2020-10,189,monthly,391311,694461,474859,432094,342895,2020-10-01
Newham,http://landregistry.data.gov.uk/id/region/newham,E09000025,2020-11,183,monthly,393359,699714,477331,435563,344142,2020-11-01
Newham,http://landregistry.data.gov.uk/id/region/newham,E09000025,2020-12,228,monthly,399010,712819,486007,444099,348022,2020-12-01
Newham,http://landregistry.data.gov.uk/id/region/newham,E09000025,2021-01,180,monthly,401633,713574,488078,446073,350773,2021-01-01
Newham,http://landregistry.data.gov.uk/id/region/newham,E09000025,2021-02,257,monthly,407527,718990,493398,450975,356728,2021-02-01
Newham,http://landregistry.data.gov.uk/id/region/newham,E09000025,2021-03,357,monthly,413082,720231,495381,453973,363170,2021-03-01
Newham,http://landregistry.data.gov.uk/id/region/newham,E09000025,2021-04,205,monthly,406397,709429,485904,446245,357539,2021-04-01
Newham,http://landregistry.data.gov.uk/id/region/newham,E09000025,2021-05,176,monthly,400019,699604,478186,439645,351702,2021-05-01
Newham,http://landregistry.data.gov.uk/id/region/newham,E09000025,2021-06,532,monthly,404909,710936,485393,449193,353676,2021-06-01
Newham,http://landregistry.data.gov.uk/id/region/newham,E09000025,2021-07,94,monthly,405742,709224,485191,446869,356298,2021-07-01
Newham,http://landregistry.data.gov.uk/id/region/newham,E09000025,2021-08,137,monthly,408221,718584,492615,450976,357591,2021-08-01
Newham,http://landregistry.data.gov.uk/id/region/newham,E09000025,2021-09,250,monthly,400921,708960,486265,441891,351674,2021-09-01
Newham,http://landregistry.data.gov.uk/id/region/newham,E09000025,2021-10,96,monthly,396387,714101,487986,441952,344619,2021-10-01
Newham,http://landregistry.data.gov.uk/id/region/newham,E09000025,2021-11,126,monthly,397255,716920,488857,443052,345303,2021-11-01
Newham,http://landregistry.data.gov.uk/id/region/newham,E09000025,2021-12,218,monthly,398239,725444,493128,445376,345404,2021-12-01
Newham,http://landregistry.data.gov.uk/id/region/newham,E09000025,2022-01,156,monthly,406458,739360,504381,456878,351267,2022-01-01
Newham,http://landregistry.data.gov.uk/id/region/newham,E09000025,2022-02,154,monthly,404469,736651,501984,455080,349681,2022-02-01
Newham,http://landregistry.data.gov.uk/id/region/newham,E09000025,2022-03,266,monthly,405557,739598,504063,455980,350820,2022-03-01
Newham,http://landregistry.data.gov.uk/id/region/newham,E09000025,2022-04,195,monthly,402306,733182,499306,452688,347773,2022-04-01
